// Jest Snapshot v1, https://goo.gl/fbAQLP

exports[`Data Table Component should render data table component 1`] = `
{
  "asFragment": [Function],
  "baseElement": <body>
    <div>
      <div
        class="flex flex-col gap-2 md:flex-row md:items-center md:justify-between md:gap-0"
      >
        <a
          href="/create"
        >
          <button
            class="justify-center whitespace-nowrap rounded-md text-sm font-medium ring-offset-background transition-colors focus-visible:outline-none focus-visible:ring-2 focus-visible:ring-ring focus-visible:ring-offset-2 disabled:pointer-events-none disabled:opacity-50 text-primary-foreground h-10 px-4 py-2 flex items-center gap-1.5 bg-blue-600 hover:bg-blue-700"
          >
            <svg
              class="lucide lucide-plus "
              fill="none"
              height="20"
              stroke="currentColor"
              stroke-linecap="round"
              stroke-linejoin="round"
              stroke-width="2.5"
              viewBox="0 0 24 24"
              width="20"
              xmlns="http://www.w3.org/2000/svg"
            >
              <path
                d="M5 12h14"
              />
              <path
                d="M12 5v14"
              />
            </svg>
             Tambah Buku
          </button>
        </a>
        <div
          class="relative w-full max-w-sm"
        >
          <svg
            class="lucide lucide-search absolute left-2.5 top-3 h-4 w-4 text-gray-500"
            fill="none"
            height="24"
            stroke="currentColor"
            stroke-linecap="round"
            stroke-linejoin="round"
            stroke-width="2"
            viewBox="0 0 24 24"
            width="24"
            xmlns="http://www.w3.org/2000/svg"
          >
            <circle
              cx="11"
              cy="11"
              r="8"
            />
            <path
              d="m21 21-4.3-4.3"
            />
          </svg>
          <input
            class="flex h-10 w-full rounded-md border border-input bg-background px-3 py-2 text-sm ring-offset-background file:border-0 file:bg-transparent file:text-sm file:font-medium placeholder:text-muted-foreground focus-visible:outline-none focus-visible:ring-2 focus-visible:ring-ring focus-visible:ring-offset-2 disabled:cursor-not-allowed disabled:opacity-50 pl-9"
            placeholder="Filter Judul..."
            value=""
          />
        </div>
      </div>
      <div
        class="relative w-full overflow-auto"
      >
        <table
          class="w-full caption-bottom text-sm"
        >
          <thead
            class="[&_tr]:border-b bg-blue-600 uppercase"
          >
            <tr
              class="border-b transition-colors data-[state=selected]:bg-muted"
            >
              <th
                class="h-12 px-4 text-left align-middle font-medium [&:has([role=checkbox])]:pr-0 text-white"
              >
                <span
                  class="whitespace-nowrap uppercase"
                >
                  Judul
                </span>
              </th>
              <th
                class="h-12 px-4 text-left align-middle font-medium [&:has([role=checkbox])]:pr-0 text-white"
              >
                Deskripsi
              </th>
              <th
                class="h-12 px-4 text-left align-middle font-medium [&:has([role=checkbox])]:pr-0 text-white"
              >
                <button
                  class="inline-flex items-center justify-center whitespace-nowrap rounded-md text-sm font-medium ring-offset-background transition-colors focus-visible:outline-none focus-visible:ring-2 focus-visible:ring-ring focus-visible:ring-offset-2 disabled:pointer-events-none disabled:opacity-50 hover:bg-accent hover:text-accent-foreground h-10 px-4 py-2"
                >
                  <span
                    class="uppercase"
                  >
                    Harga
                  </span>
                  <svg
                    class="lucide lucide-arrow-up-down ml-2 h-4 w-4"
                    fill="none"
                    height="24"
                    stroke="currentColor"
                    stroke-linecap="round"
                    stroke-linejoin="round"
                    stroke-width="2"
                    viewBox="0 0 24 24"
                    width="24"
                    xmlns="http://www.w3.org/2000/svg"
                  >
                    <path
                      d="m21 16-4 4-4-4"
                    />
                    <path
                      d="M17 20V4"
                    />
                    <path
                      d="m3 8 4-4 4 4"
                    />
                    <path
                      d="M7 4v16"
                    />
                  </svg>
                </button>
              </th>
              <th
                class="h-12 px-4 text-left align-middle font-medium [&:has([role=checkbox])]:pr-0 text-white"
              >
                Penulis
              </th>
              <th
                class="h-12 px-4 text-left align-middle font-medium [&:has([role=checkbox])]:pr-0 text-white"
              >
                Aksi
              </th>
            </tr>
          </thead>
          <tbody
            class="[&_tr:last-child]:border-0 rounded-md border"
          >
            <tr
              class="border-b transition-colors data-[state=selected]:bg-muted hover:bg-muted/50"
            >
              <td
                class="p-4 align-middle [&:has([role=checkbox])]:pr-0 h-24 text-center"
                colspan="5"
              >
                No results.
              </td>
            </tr>
          </tbody>
        </table>
      </div>
      <div
        class="flex flex-col gap-2 px-3 md:flex-row md:items-center md:justify-between"
      >
        <div
          class="flex flex-row items-center justify-between md:justify-start md:gap-5"
        >
          <div>
            <span>
              Page
            </span>
            <strong>
               
              1
               of 
              0
            </strong>
          </div>
          <div
            class="flex items-center gap-1"
          >
            Row Per Page:
             
            <select
              class="rounded-md border p-1"
              name="perpage"
            >
              <option
                value="10"
              >
                10
              </option>
              <option
                value="20"
              >
                20
              </option>
              <option
                value="30"
              >
                30
              </option>
              <option
                value="40"
              >
                40
              </option>
              <option
                value="50"
              >
                50
              </option>
            </select>
          </div>
        </div>
        <div
          class="flex items-center justify-between md:justify-end md:space-x-2"
        >
          <button
            class="inline-flex items-center justify-center whitespace-nowrap text-sm font-medium ring-offset-background transition-colors focus-visible:outline-none focus-visible:ring-2 focus-visible:ring-ring focus-visible:ring-offset-2 disabled:pointer-events-none disabled:opacity-50 border border-input bg-background hover:bg-accent hover:text-accent-foreground h-9 rounded-md px-3"
            disabled=""
          >
            <svg
              class="lucide lucide-chevron-left "
              fill="none"
              height="24"
              stroke="currentColor"
              stroke-linecap="round"
              stroke-linejoin="round"
              stroke-width="2"
              viewBox="0 0 24 24"
              width="24"
              xmlns="http://www.w3.org/2000/svg"
            >
              <path
                d="m15 18-6-6 6-6"
              />
            </svg>
          </button>
          <button
            class="inline-flex items-center justify-center whitespace-nowrap text-sm font-medium ring-offset-background transition-colors focus-visible:outline-none focus-visible:ring-2 focus-visible:ring-ring focus-visible:ring-offset-2 disabled:pointer-events-none disabled:opacity-50 border border-input bg-background hover:bg-accent hover:text-accent-foreground h-9 rounded-md px-3"
            disabled=""
          >
            <svg
              class="lucide lucide-chevron-right "
              fill="none"
              height="24"
              stroke="currentColor"
              stroke-linecap="round"
              stroke-linejoin="round"
              stroke-width="2"
              viewBox="0 0 24 24"
              width="24"
              xmlns="http://www.w3.org/2000/svg"
            >
              <path
                d="m9 18 6-6-6-6"
              />
            </svg>
          </button>
        </div>
      </div>
    </div>
  </body>,
  "container": <div>
    <div
      class="flex flex-col gap-2 md:flex-row md:items-center md:justify-between md:gap-0"
    >
      <a
        href="/create"
      >
        <button
          class="justify-center whitespace-nowrap rounded-md text-sm font-medium ring-offset-background transition-colors focus-visible:outline-none focus-visible:ring-2 focus-visible:ring-ring focus-visible:ring-offset-2 disabled:pointer-events-none disabled:opacity-50 text-primary-foreground h-10 px-4 py-2 flex items-center gap-1.5 bg-blue-600 hover:bg-blue-700"
        >
          <svg
            class="lucide lucide-plus "
            fill="none"
            height="20"
            stroke="currentColor"
            stroke-linecap="round"
            stroke-linejoin="round"
            stroke-width="2.5"
            viewBox="0 0 24 24"
            width="20"
            xmlns="http://www.w3.org/2000/svg"
          >
            <path
              d="M5 12h14"
            />
            <path
              d="M12 5v14"
            />
          </svg>
           Tambah Buku
        </button>
      </a>
      <div
        class="relative w-full max-w-sm"
      >
        <svg
          class="lucide lucide-search absolute left-2.5 top-3 h-4 w-4 text-gray-500"
          fill="none"
          height="24"
          stroke="currentColor"
          stroke-linecap="round"
          stroke-linejoin="round"
          stroke-width="2"
          viewBox="0 0 24 24"
          width="24"
          xmlns="http://www.w3.org/2000/svg"
        >
          <circle
            cx="11"
            cy="11"
            r="8"
          />
          <path
            d="m21 21-4.3-4.3"
          />
        </svg>
        <input
          class="flex h-10 w-full rounded-md border border-input bg-background px-3 py-2 text-sm ring-offset-background file:border-0 file:bg-transparent file:text-sm file:font-medium placeholder:text-muted-foreground focus-visible:outline-none focus-visible:ring-2 focus-visible:ring-ring focus-visible:ring-offset-2 disabled:cursor-not-allowed disabled:opacity-50 pl-9"
          placeholder="Filter Judul..."
          value=""
        />
      </div>
    </div>
    <div
      class="relative w-full overflow-auto"
    >
      <table
        class="w-full caption-bottom text-sm"
      >
        <thead
          class="[&_tr]:border-b bg-blue-600 uppercase"
        >
          <tr
            class="border-b transition-colors data-[state=selected]:bg-muted"
          >
            <th
              class="h-12 px-4 text-left align-middle font-medium [&:has([role=checkbox])]:pr-0 text-white"
            >
              <span
                class="whitespace-nowrap uppercase"
              >
                Judul
              </span>
            </th>
            <th
              class="h-12 px-4 text-left align-middle font-medium [&:has([role=checkbox])]:pr-0 text-white"
            >
              Deskripsi
            </th>
            <th
              class="h-12 px-4 text-left align-middle font-medium [&:has([role=checkbox])]:pr-0 text-white"
            >
              <button
                class="inline-flex items-center justify-center whitespace-nowrap rounded-md text-sm font-medium ring-offset-background transition-colors focus-visible:outline-none focus-visible:ring-2 focus-visible:ring-ring focus-visible:ring-offset-2 disabled:pointer-events-none disabled:opacity-50 hover:bg-accent hover:text-accent-foreground h-10 px-4 py-2"
              >
                <span
                  class="uppercase"
                >
                  Harga
                </span>
                <svg
                  class="lucide lucide-arrow-up-down ml-2 h-4 w-4"
                  fill="none"
                  height="24"
                  stroke="currentColor"
                  stroke-linecap="round"
                  stroke-linejoin="round"
                  stroke-width="2"
                  viewBox="0 0 24 24"
                  width="24"
                  xmlns="http://www.w3.org/2000/svg"
                >
                  <path
                    d="m21 16-4 4-4-4"
                  />
                  <path
                    d="M17 20V4"
                  />
                  <path
                    d="m3 8 4-4 4 4"
                  />
                  <path
                    d="M7 4v16"
                  />
                </svg>
              </button>
            </th>
            <th
              class="h-12 px-4 text-left align-middle font-medium [&:has([role=checkbox])]:pr-0 text-white"
            >
              Penulis
            </th>
            <th
              class="h-12 px-4 text-left align-middle font-medium [&:has([role=checkbox])]:pr-0 text-white"
            >
              Aksi
            </th>
          </tr>
        </thead>
        <tbody
          class="[&_tr:last-child]:border-0 rounded-md border"
        >
          <tr
            class="border-b transition-colors data-[state=selected]:bg-muted hover:bg-muted/50"
          >
            <td
              class="p-4 align-middle [&:has([role=checkbox])]:pr-0 h-24 text-center"
              colspan="5"
            >
              No results.
            </td>
          </tr>
        </tbody>
      </table>
    </div>
    <div
      class="flex flex-col gap-2 px-3 md:flex-row md:items-center md:justify-between"
    >
      <div
        class="flex flex-row items-center justify-between md:justify-start md:gap-5"
      >
        <div>
          <span>
            Page
          </span>
          <strong>
             
            1
             of 
            0
          </strong>
        </div>
        <div
          class="flex items-center gap-1"
        >
          Row Per Page:
           
          <select
            class="rounded-md border p-1"
            name="perpage"
          >
            <option
              value="10"
            >
              10
            </option>
            <option
              value="20"
            >
              20
            </option>
            <option
              value="30"
            >
              30
            </option>
            <option
              value="40"
            >
              40
            </option>
            <option
              value="50"
            >
              50
            </option>
          </select>
        </div>
      </div>
      <div
        class="flex items-center justify-between md:justify-end md:space-x-2"
      >
        <button
          class="inline-flex items-center justify-center whitespace-nowrap text-sm font-medium ring-offset-background transition-colors focus-visible:outline-none focus-visible:ring-2 focus-visible:ring-ring focus-visible:ring-offset-2 disabled:pointer-events-none disabled:opacity-50 border border-input bg-background hover:bg-accent hover:text-accent-foreground h-9 rounded-md px-3"
          disabled=""
        >
          <svg
            class="lucide lucide-chevron-left "
            fill="none"
            height="24"
            stroke="currentColor"
            stroke-linecap="round"
            stroke-linejoin="round"
            stroke-width="2"
            viewBox="0 0 24 24"
            width="24"
            xmlns="http://www.w3.org/2000/svg"
          >
            <path
              d="m15 18-6-6 6-6"
            />
          </svg>
        </button>
        <button
          class="inline-flex items-center justify-center whitespace-nowrap text-sm font-medium ring-offset-background transition-colors focus-visible:outline-none focus-visible:ring-2 focus-visible:ring-ring focus-visible:ring-offset-2 disabled:pointer-events-none disabled:opacity-50 border border-input bg-background hover:bg-accent hover:text-accent-foreground h-9 rounded-md px-3"
          disabled=""
        >
          <svg
            class="lucide lucide-chevron-right "
            fill="none"
            height="24"
            stroke="currentColor"
            stroke-linecap="round"
            stroke-linejoin="round"
            stroke-width="2"
            viewBox="0 0 24 24"
            width="24"
            xmlns="http://www.w3.org/2000/svg"
          >
            <path
              d="m9 18 6-6-6-6"
            />
          </svg>
        </button>
      </div>
    </div>
  </div>,
  "debug": [Function],
  "findAllByAltText": [Function],
  "findAllByDisplayValue": [Function],
  "findAllByLabelText": [Function],
  "findAllByPlaceholderText": [Function],
  "findAllByRole": [Function],
  "findAllByTestId": [Function],
  "findAllByText": [Function],
  "findAllByTitle": [Function],
  "findByAltText": [Function],
  "findByDisplayValue": [Function],
  "findByLabelText": [Function],
  "findByPlaceholderText": [Function],
  "findByRole": [Function],
  "findByTestId": [Function],
  "findByText": [Function],
  "findByTitle": [Function],
  "getAllByAltText": [Function],
  "getAllByDisplayValue": [Function],
  "getAllByLabelText": [Function],
  "getAllByPlaceholderText": [Function],
  "getAllByRole": [Function],
  "getAllByTestId": [Function],
  "getAllByText": [Function],
  "getAllByTitle": [Function],
  "getByAltText": [Function],
  "getByDisplayValue": [Function],
  "getByLabelText": [Function],
  "getByPlaceholderText": [Function],
  "getByRole": [Function],
  "getByTestId": [Function],
  "getByText": [Function],
  "getByTitle": [Function],
  "queryAllByAltText": [Function],
  "queryAllByDisplayValue": [Function],
  "queryAllByLabelText": [Function],
  "queryAllByPlaceholderText": [Function],
  "queryAllByRole": [Function],
  "queryAllByTestId": [Function],
  "queryAllByText": [Function],
  "queryAllByTitle": [Function],
  "queryByAltText": [Function],
  "queryByDisplayValue": [Function],
  "queryByLabelText": [Function],
  "queryByPlaceholderText": [Function],
  "queryByRole": [Function],
  "queryByTestId": [Function],
  "queryByText": [Function],
  "queryByTitle": [Function],
  "rerender": [Function],
  "unmount": [Function],
}
`;
